[    0.000000] Initializing cgroup subsys cpuset
[    0.000000] Initializing cgroup subsys cpu
[    0.000000] Initializing cgroup subsys cpuacct
[    0.000000] Linux version 4.4.0-210-generic (buildd@lgw01-amd64-009) (gcc version 5.4.0 20160609 (Ubuntu 5.4.0-6ubuntu1~16.04.12) ) #242-Ubuntu SMP Fri Apr 16 09:57:56 UTC 2021 (Ubuntu 4.4.0-210.242-generic 4.4.262)
[    0.000000] Command line: BOOT_IMAGE=/boot/vmlinuz-4.4.0-210-generic root=LABEL=cloudimg-rootfs ro console=tty1 console=ttyS0
[    0.000000] KERNEL supported cpus:
[    0.000000]   Intel GenuineIntel
[    0.000000]   AMD AuthenticAMD
[    0.000000]   Centaur CentaurHauls
[    0.000000] x86/fpu: xstate_offset[2]:  576, xstate_sizes[2]:  256
[    0.000000] x86/fpu: Supporting XSAVE feature 0x01: 'x87 floating point registers'
[    0.000000] x86/fpu: Supporting XSAVE feature 0x02: 'SSE registers'
[    0.000000] x86/fpu: Supporting XSAVE feature 0x04: 'AVX registers'
[    0.000000] x86/fpu: Enabled xstate features 0x7, context size is 832 bytes, using 'standard' format.
[    0.000000] e820: BIOS-provided physical RAM map:
[    0.000000] BIOS-e820: [mem 0x0000000000000000-0x000000000009fbff] usable
[    0.000000] BIOS-e820: [mem 0x000000000009fc00-0x000000000009ffff] reserved
[    0.000000] BIOS-e820: [mem 0x00000000000f0000-0x00000000000fffff] reserved
[    0.000000] BIOS-e820: [mem 0x0000000000100000-0x000000003ffeffff] usable
[    0.000000] BIOS-e820: [mem 0x000000003fff0000-0x000000003fffffff] ACPI data
[    0.000000] BIOS-e820: [mem 0x00000000fec00000-0x00000000fec00fff] reserved
[    0.000000] BIOS-e820: [mem 0x00000000fee00000-0x00000000fee00fff] reserved
[    0.000000] BIOS-e820: [mem 0x00000000fffc0000-0x00000000ffffffff] reserved
[    0.000000] NX (Execute Disable) protection: active
[    0.000000] SMBIOS 2.5 present.
[    0.000000] Hypervisor detected: KVM
[    0.000000] e820: last_pfn = 0x3fff0 max_arch_pfn = 0x400000000
[    0.000000] MTRR: Disabled
[    0.000000] x86/PAT: MTRRs disabled, skipping PAT initialization too.
[    0.000000] CPU MTRRs all blank - virtualized system.
[    0.000000] x86/PAT: Configuration [0-7]: WB  WT  UC- UC  WB  WT  UC- UC  
[    0.000000] found SMP MP-table at [mem 0x0009fff0-0x0009ffff] mapped at [ffff88000009fff0]
[    0.000000] Scanning 1 areas for low memory corruption
[    0.000000] RAMDISK: [mem 0x362dc000-0x37165fff]
[    0.000000] ACPI: Early table checksum verification disabled
[    0.000000] ACPI: RSDP 0x00000000000E0000 000024 (v02 VBOX  )
[    0.000000] ACPI: XSDT 0x000000003FFF0030 00003C (v01 VBOX   VBOXXSDT 00000001 ASL  00000061)
[    0.000000] ACPI: FACP 0x000000003FFF00F0 0000F4 (v04 VBOX   VBOXFACP 00000001 ASL  00000061)
[    0.000000] ACPI: DSDT 0x000000003FFF0610 002353 (v02 VBOX   VBOXBIOS 00000002 INTL 20200528)
[    0.000000] ACPI: FACS 0x000000003FFF0200 000040
[    0.000000] ACPI: FACS 0x000000003FFF0200 000040
[    0.000000] ACPI: APIC 0x000000003FFF0240 00005C (v02 VBOX   VBOXAPIC 00000001 ASL  00000061)
[    0.000000] ACPI: SSDT 0x000000003FFF02A0 00036C (v01 VBOX   VBOXCPUT 00000002 INTL 20200528)
[    0.000000] No NUMA configuration found
[    0.000000] Faking a node at [mem 0x0000000000000000-0x000000003ffeffff]
[    0.000000] NODE_DATA(0) allocated [mem 0x3ffeb000-0x3ffeffff]
[    0.000000] kvm-clock: Using msrs 4b564d01 and 4b564d00
[    0.000000] kvm-clock: cpu 0, msr 0:3ffe3001, primary cpu clock
[    0.000000] kvm-clock: using sched offset of 3691796599 cycles
[    0.000000] clocksource: kvm-clock: mask: 0xffffffffffffffff max_cycles: 0x1cd42e4dffb, max_idle_ns: 881590591483 ns
[    0.000000] Zone ranges:
[    0.000000]   DMA      [mem 0x0000000000001000-0x0000000000ffffff]
[    0.000000]   DMA32    [mem 0x0000000001000000-0x000000003ffeffff]
[    0.000000]   Normal   empty
[    0.000000]   Device   empty
[    0.000000] Movable zone start for each node
[    0.000000] Early memory node ranges
[    0.000000]   node   0: [mem 0x0000000000001000-0x000000000009efff]
[    0.000000]   node   0: [mem 0x0000000000100000-0x000000003ffeffff]
[    0.000000] Initmem setup node 0 [mem 0x0000000000001000-0x000000003ffeffff]
[    0.000000] ACPI: PM-Timer IO Port: 0x4008
[    0.000000] IOAPIC[0]: apic_id 2, version 32, address 0xfec00000, GSI 0-23
[    0.000000] ACPI: INT_SRC_OVR (bus 0 bus_irq 0 global_irq 2 dfl dfl)
[    0.000000] ACPI: INT_SRC_OVR (bus 0 bus_irq 9 global_irq 9 low level)
[    0.000000] Using ACPI (MADT) for SMP configuration information
[    0.000000] smpboot: Allowing 2 CPUs, 0 hotplug CPUs
[    0.000000] PM: Registered nosave memory: [mem 0x00000000-0x00000fff]
[    0.000000] PM: Registered nosave memory: [mem 0x0009f000-0x0009ffff]
[    0.000000] PM: Registered nosave memory: [mem 0x000a0000-0x000effff]
[    0.000000] PM: Registered nosave memory: [mem 0x000f0000-0x000fffff]
[    0.000000] e820: [mem 0x40000000-0xfebfffff] available for PCI devices
[    0.000000] Booting paravirtualized kernel on KVM
[    0.000000] clocksource: refined-jiffies: mask: 0xffffffff max_cycles: 0xffffffff, max_idle_ns: 7645519600211568 ns
[    0.000000] setup_percpu: NR_CPUS:512 nr_cpumask_bits:512 nr_cpu_ids:2 nr_node_ids:1
[    0.000000] PERCPU: Embedded 33 pages/cpu @ffff88003fc00000 s95192 r8192 d31784 u1048576
[    0.000000] Built 1 zonelists in Node order, mobility grouping on.  Total pages: 257912
[    0.000000] Policy zone: DMA32
[    0.000000] Kernel command line: BOOT_IMAGE=/boot/vmlinuz-4.4.0-210-generic root=LABEL=cloudimg-rootfs ro console=tty1 console=ttyS0
[    0.000000] PID hash table entries: 4096 (order: 3, 32768 bytes)
[    0.000000] Memory: 997792K/1048120K available (8644K kernel code, 1332K rwdata, 4044K rodata, 1492K init, 1164K bss, 50328K reserved, 0K cma-reserved)
[    0.000000] SLUB: HWalign=64, Order=0-3, MinObjects=0, CPUs=2, Nodes=1
[    0.000000] Kernel/User page tables isolation: enabled
[    0.000000] Hierarchical RCU implementation.
[    0.000000] 	Build-time adjustment of leaf fanout to 64.
[    0.000000] 	RCU restricting CPUs from NR_CPUS=512 to nr_cpu_ids=2.
[    0.000000] RCU: Adjusting geometry for rcu_fanout_leaf=64, nr_cpu_ids=2
[    0.000000] NR_IRQS:33024 nr_irqs:440 16
[    0.000000] Console: colour VGA+ 80x25
[    0.000000] console [tty1] enabled
[    0.000000] console [ttyS0] enabled
[    0.000000] tsc: Detected 1988.004 MHz processor
[    0.483873] Calibrating delay loop (skipped) preset value.. 3976.00 BogoMIPS (lpj=7952016)
[    0.491298] pid_max: default: 32768 minimum: 301
[    0.494947] ACPI: Core revision 20150930
[    0.499653] ACPI: 2 ACPI AML tables successfully acquired and loaded
[    0.508439] Security Framework initialized
[    0.513971] Yama: becoming mindful.
[    0.518179] AppArmor: AppArmor initialized
[    0.522371] Dentry cache hash table entries: 131072 (order: 8, 1048576 bytes)
[    0.529450] Inode-cache hash table entries: 65536 (order: 7, 524288 bytes)
[    0.534608] Mount-cache hash table entries: 2048 (order: 2, 16384 bytes)
[    0.541329] Mountpoint-cache hash table entries: 2048 (order: 2, 16384 bytes)
[    0.547694] Initializing cgroup subsys io
[    0.550524] Initializing cgroup subsys memory
[    0.553694] Initializing cgroup subsys devices
[    0.557700] Initializing cgroup subsys freezer
[    0.563468] Initializing cgroup subsys net_cls
[    0.568012] Initializing cgroup subsys perf_event
[    0.572268] Initializing cgroup subsys net_prio
[    0.575804] Initializing cgroup subsys hugetlb
[    0.578855] Initializing cgroup subsys pids
[    0.586807] mce: CPU supports 0 MCE banks
[    0.589709] Last level iTLB entries: 4KB 0, 2MB 0, 4MB 0
[    0.593304] Last level dTLB entries: 4KB 0, 2MB 0, 4MB 0, 1GB 0
[    0.597230] Spectre V1 : Mitigation: usercopy/swapgs barriers and __user pointer sanitization
[    0.606160] Spectre V2 : Mitigation: Full generic retpoline
[    0.613166] Spectre V2 : Spectre v2 / SpectreRSB mitigation: Filling RSB on context switch
[    0.622756] Speculative Store Bypass: Vulnerable
[    0.627336] MDS: Mitigation: Clear CPU buffers
[    0.678270] Freeing SMP alternatives memory: 36K
[    0.758519] ftrace: allocating 32380 entries in 127 pages
[    1.334456] smpboot: APIC(0) Converting physical 0 to logical package 0
[    1.341765] smpboot: Max logical packages: 1
[    1.346502] x2apic enabled
[    1.350332] Switched APIC routing to physical x2apic.
[    1.361518] ..TIMER: vector=0x30 apic1=0 pin1=2 apic2=-1 pin2=-1
[    1.476577] smpboot: CPU0: Intel(R) Core(TM) i5-1038NG7 CPU @ 2.00GHz (family: 0x6, model: 0x7e, stepping: 0x5)
[    1.487117] Performance Events: unsupported p6 CPU model 126 no PMU driver, software events only.
[    1.589904] KVM setup paravirtual spinlock
[    1.594075] x86: Booting SMP configuration:
[    1.596887] .... node  #0, CPUs:      #1
[    1.603546] kvm-clock: cpu 1, msr 0:3ffe3041, secondary cpu clock
[    1.611219] mce: CPU supports 0 MCE banks
[    1.616364] x86: Booted up 1 node, 2 CPUs
[    1.620554] smpboot: Total of 2 processors activated (7952.01 BogoMIPS)
[    1.628298] devtmpfs: initialized
[    1.632006] evm: security.selinux
[    1.634377] evm: security.SMACK64
[    1.636646] evm: security.SMACK64EXEC
[    1.639018] evm: security.SMACK64TRANSMUTE
[    1.641730] evm: security.SMACK64MMAP
[    1.644055] evm: security.ima
[    1.646052] evm: security.capability
[    1.648772] clocksource: jiffies: mask: 0xffffffff max_cycles: 0xffffffff, max_idle_ns: 7645041785100000 ns
[    1.654994] futex hash table entries: 512 (order: 3, 32768 bytes)
[    1.659000] pinctrl core: initialized pinctrl subsystem
[    1.663203] RTC time: 14:21:50, date: 03/07/23
[    1.668306] NET: Registered protocol family 16
[    1.684926] cpuidle: using governor ladder
[    1.696045] cpuidle: using governor menu
[    1.699428] PCCT header not found.
[    1.704730] ACPI: bus type PCI registered
[    1.707529] acpiphp: ACPI Hot Plug PCI Controller Driver version: 0.5
[    1.711827] PCI: Using configuration type 1 for base access
[    1.730940] ACPI: Added _OSI(Module Device)
[    1.734064] ACPI: Added _OSI(Processor Device)
[    1.738591] ACPI: Added _OSI(3.0 _SCP Extensions)
[    1.741573] ACPI: Added _OSI(Processor Aggregator Device)
[    1.746313] ACPI: Executed 1 blocks of module-level executable AML code
[    1.754328] ACPI: Interpreter enabled
[    1.756708] ACPI: (supports S0 S5)
[    1.758923] ACPI: Using IOAPIC for interrupt routing
[    1.762423] PCI: Using host bridge windows from ACPI; if necessary, use "pci=nocrs" and report a bug
[    1.779686] ACPI: PCI Root Bridge [PCI0] (domain 0000 [bus 00-ff])
[    1.783834] acpi PNP0A03:00: _OSC: OS supports [ASPM ClockPM Segments MSI]
[    1.789027] acpi PNP0A03:00: _OSC: not requesting OS control; OS requires [ExtendedConfig ASPM ClockPM MSI]
[    1.795196] acpi PNP0A03:00: fail to add MMCONFIG information, can't access extended PCI configuration space under this bridge.
[    1.803450] PCI host bridge to bus 0000:00
[    1.806015] pci_bus 0000:00: root bus resource [io  0x0000-0x0cf7 window]
[    1.810060] pci_bus 0000:00: root bus resource [io  0x0d00-0xffff window]
[    1.815339] pci_bus 0000:00: root bus resource [mem 0x000a0000-0x000bffff window]
[    1.821861] pci_bus 0000:00: root bus resource [mem 0x40000000-0xfdffffff window]
[    1.828544] pci_bus 0000:00: root bus resource [bus 00-ff]
[    1.839628] pci 0000:00:01.1: legacy IDE quirk: reg 0x10: [io  0x01f0-0x01f7]
[    1.843924] pci 0000:00:01.1: legacy IDE quirk: reg 0x14: [io  0x03f6]
[    1.847910] pci 0000:00:01.1: legacy IDE quirk: reg 0x18: [io  0x0170-0x0177]
[    1.853220] pci 0000:00:01.1: legacy IDE quirk: reg 0x1c: [io  0x0376]
[    1.929069] pci 0000:00:07.0: quirk: [io  0x4000-0x403f] claimed by PIIX4 ACPI
[    1.933684] pci 0000:00:07.0: quirk: [io  0x4100-0x410f] claimed by PIIX4 SMB
[    1.953380] ACPI: PCI Interrupt Link [LNKA] (IRQs 5 9 10 *11)
[    1.959371] ACPI: PCI Interrupt Link [LNKB] (IRQs 5 9 *10 11)
[    1.965916] ACPI: PCI Interrupt Link [LNKC] (IRQs 5 *9 10 11)
[    1.973706] ACPI: PCI Interrupt Link [LNKD] (IRQs 5 9 10 *11)
[    1.980628] ACPI: Enabled 2 GPEs in block 00 to 07
[    1.984777] vgaarb: setting as boot device: PCI:0000:00:02.0
[    1.988633] vgaarb: device added: PCI:0000:00:02.0,decodes=io+mem,owns=io+mem,locks=none
[    1.993537] vgaarb: loaded
[    1.995333] vgaarb: bridge control possible 0000:00:02.0
[    1.998893] SCSI subsystem initialized
[    2.002599] ACPI: bus type USB registered
[    2.005591] usbcore: registered new interface driver usbfs
[    2.009345] usbcore: registered new interface driver hub
[    2.013037] usbcore: registered new device driver usb
[    2.018709] PCI: Using ACPI for IRQ routing
[    2.023554] NetLabel: Initializing
[    2.026835] NetLabel:  domain hash size = 128
[    2.030528] NetLabel:  protocols = UNLABELED CIPSOv4
[    2.033720] NetLabel:  unlabeled traffic allowed by default
[    2.038202] amd_nb: Cannot enumerate AMD northbridges
[    2.041439] clocksource: Switched to clocksource kvm-clock
[    2.059681] AppArmor: AppArmor Filesystem Enabled
[    2.062849] pnp: PnP ACPI init
[    2.067711] pnp: PnP ACPI: found 3 devices
[    2.092954] clocksource: acpi_pm: mask: 0xffffff max_cycles: 0xffffff, max_idle_ns: 2085701024 ns
[    2.099480] NET: Registered protocol family 2
[    2.104308] TCP established hash table entries: 8192 (order: 4, 65536 bytes)
[    2.108872] TCP bind hash table entries: 8192 (order: 5, 131072 bytes)
[    2.113363] TCP: Hash tables configured (established 8192 bind 8192)
[    2.119537] UDP hash table entries: 512 (order: 2, 16384 bytes)
[    2.124643] UDP-Lite hash table entries: 512 (order: 2, 16384 bytes)
[    2.130215] NET: Registered protocol family 1
[    2.133109] pci 0000:00:00.0: Limiting direct PCI/PCI transfers
[    2.139515] pci 0000:00:01.0: Activating ISA DMA hang workarounds
[    2.143696] Unpacking initramfs...
[    2.484749] Freeing initrd memory: 14888K
[    2.492442] clocksource: tsc: mask: 0xffffffffffffffff max_cycles: 0x394fd474667, max_idle_ns: 881590586130 ns
[    2.501948] platform rtc_cmos: registered platform RTC device (no PNP device found)
[    2.508624] Scanning for low memory corruption every 60 seconds
[    2.513231] audit: initializing netlink subsys (disabled)
[    2.517797] audit: type=2000 audit(1678198915.481:1): initialized
[    2.523997] Initialise system trusted keyring
[    2.528760] HugeTLB registered 2 MB page size, pre-allocated 0 pages
[    2.535496] zbud: loaded
[    2.543709] VFS: Disk quotas dquot_6.6.0
[    2.546840] VFS: Dquot-cache hash table entries: 512 (order 0, 4096 bytes)
[    2.553142] squashfs: version 4.0 (2009/01/31) Phillip Lougher
[    2.559532] fuse init (API version 7.23)
[    2.563831] Key type big_key registered
[    2.568096] Allocating IMA MOK and blacklist keyrings.
[    2.581807] Key type asymmetric registered
[    2.585064] Asymmetric key parser 'x509' registered
[    2.588549] Block layer SCSI generic (bsg) driver version 0.4 loaded (major 249)
[    2.593859] io scheduler noop registered
[    2.596952] io scheduler deadline registered (default)
[    2.600656] io scheduler cfq registered
[    2.603628] pci_hotplug: PCI Hot Plug PCI Core version: 0.5
[    2.609627] pciehp: PCI Express Hot Plug Controller Driver version: 0.4
[    2.614657] ACPI: AC Adapter [AC] (on-line)
[    2.618798] input: Power Button as /devices/LNXSYSTM:00/LNXPWRBN:00/input/input0
[    2.626008] ACPI: Power Button [PWRF]
[    2.631233] input: Sleep Button as /devices/LNXSYSTM:00/LNXSLPBN:00/input/input1
[    2.636439] ACPI: Sleep Button [SLPF]
[    2.641404] ACPI: Battery Slot [BAT0] (battery present)
[    2.644954] GHES: HEST is not enabled!
[    2.648131] Serial: 8250/16550 driver, 32 ports, IRQ sharing enabled
[    2.677554] 00:02: ttyS0 at I/O 0x3f8 (irq = 4, base_baud = 115200) is a 16550A
[    2.685487] Linux agpgart interface v0.103
[    2.692606] loop: module loaded
[    2.696306] scsi host0: ata_piix
[    2.699239] scsi host1: ata_piix
[    2.701829] ata1: PATA max UDMA/33 cmd 0x1f0 ctl 0x3f6 bmdma 0xd000 irq 14
[    2.707020] ata2: PATA max UDMA/33 cmd 0x170 ctl 0x376 bmdma 0xd008 irq 15
[    2.712004] libphy: Fixed MDIO Bus: probed
[    2.715252] tun: Universal TUN/TAP device driver, 1.6
[    2.719996] tun: (C) 1999-2004 Max Krasnyansky <maxk@qualcomm.com>
[    2.725716] PPP generic driver version 2.4.2
[    2.730043] ehci_hcd: USB 2.0 'Enhanced' Host Controller (EHCI) Driver
[    2.735230] ehci-pci: EHCI PCI platform driver
[    2.738480] ehci-platform: EHCI generic platform driver
[    2.744545] ohci_hcd: USB 1.1 'Open' Host Controller (OHCI) Driver
[    2.748765] ohci-pci: OHCI PCI platform driver
[    2.751827] ohci-platform: OHCI generic platform driver
[    2.755592] uhci_hcd: USB Universal Host Controller Interface driver
[    2.760199] i8042: PNP: PS/2 Controller [PNP0303:PS2K,PNP0f03:PS2M] at 0x60,0x64 irq 1,12
[    2.768792] serio: i8042 KBD port at 0x60,0x64 irq 1
[    2.773496] serio: i8042 AUX port at 0x60,0x64 irq 12
[    2.779057] mousedev: PS/2 mouse device common for all mice
[    2.786556] rtc_cmos rtc_cmos: rtc core: registered rtc_cmos as rtc0
[    2.791835] input: AT Translated Set 2 keyboard as /devices/platform/i8042/serio0/input/input2
[    2.797749] rtc_cmos rtc_cmos: alarms up to one day, 114 bytes nvram
[    2.801853] i2c /dev entries driver
[    2.804204] device-mapper: uevent: version 1.0.3
[    2.807968] device-mapper: ioctl: 4.34.0-ioctl (2015-10-28) initialised: dm-devel@redhat.com
[    2.813304] ledtrig-cpu: registered to indicate activity on CPUs
[    2.818619] NET: Registered protocol family 10
[    2.823313] NET: Registered protocol family 17
[    2.827274] Key type dns_resolver registered
[    2.832336] registered taskstats version 1
[    2.835370] Loading compiled-in X.509 certificates
[    2.839457] Loaded X.509 cert 'Build time autogenerated kernel key: cf00e047681d67edb2720680708b7d9498083038'
[    2.847549] zswap: loaded using pool lzo/zbud
[    2.852774] Key type trusted registered
[    2.859789] Key type encrypted registered
[    2.862497] AppArmor: AppArmor sha1 policy hashing enabled
[    2.895439] ima: No TPM chip found, activating TPM-bypass!
[    2.899802] ima: Allocated hash algorithm: sha1
[    2.903237] evm: HMAC attrs: 0x1
[    2.916917]   Magic number: 15:812:383
[    2.924410] rtc_cmos rtc_cmos: setting system clock to 2023-03-07 14:21:51 UTC (1678198911)
[    2.931940] BIOS EDD facility v0.16 2004-Jun-25, 0 devices found
[    2.936314] EDD information not available.
[    2.942586] Freeing unused kernel memory: 1492K
[    2.957695] Write protecting the kernel read-only data: 14336k
[    2.961995] Freeing unused kernel memory: 1584K
[    2.965101] Freeing unused kernel memory: 52K
Loading, please wait...
starting version 229
[    2.991159] random: systemd-udevd: uninitialized urandom read (16 bytes read, 5 bits of entropy available)
[    2.991831] random: udevadm: uninitialized urandom read (16 bytes read, 5 bits of entropy available)
[    2.991879] random: udevadm: uninitialized urandom read (16 bytes read, 5 bits of entropy available)
[    3.009746] random: udevadm: uninitialized urandom read (16 bytes read, 5 bits of entropy available)
[    3.009901] random: udevadm: uninitialized urandom read (16 bytes read, 5 bits of entropy available)
[    3.010454] random: udevadm: uninitialized urandom read (16 bytes read, 5 bits of entropy available)
[    3.010621] random: udevadm: uninitialized urandom read (16 bytes read, 5 bits of entropy available)
[    3.010826] random: udevadm: uninitialized urandom read (16 bytes read, 5 bits of entropy available)
[    3.011058] random: udevadm: uninitialized urandom read (16 bytes read, 5 bits of entropy available)
[    3.011968] random: udevadm: uninitialized urandom read (16 bytes read, 5 bits of entropy available)
[    3.104827] e1000: Intel(R) PRO/1000 Network Driver - version 7.3.21-k8-NAPI
[    3.113240] e1000: Copyright (c) 1999-2006 Intel Corporation.
[    3.118615] Fusion MPT base driver 3.04.20
[    3.123278] Copyright (c) 1999-2008 LSI Corporation
[    3.139259] Fusion MPT SPI Host driver 3.04.20
[    3.196883] AVX2 version of gcm_enc/dec engaged.
[    3.200631] AES CTR mode by8 optimization enabled
[    3.373151] input: ImExPS/2 Generic Explorer Mouse as /devices/platform/i8042/serio1/input/input4
[    3.682204] e1000 0000:00:03.0 eth0: (PCI:33MHz:32-bit) 02:be:82:6b:cc:1d
[    3.688069] e1000 0000:00:03.0 eth0: Intel(R) PRO/1000 Network Connection
[    3.694691] mptbase: ioc0: Initiating bringup
[    3.767187] ioc0: LSI53C1030 A0: Capabilities={Initiator}
[    3.944333] scsi host2: ioc0: LSI53C1030 A0, FwRev=00000000h, Ports=1, MaxQ=256, IRQ=20
[    4.070004] scsi 2:0:0:0: Direct-Access     VBOX     HARDDISK         1.0  PQ: 0 ANSI: 5
[    4.091615] scsi target2:0:0: Beginning Domain Validation
[    4.120934] scsi target2:0:0: Domain Validation skipping write tests
[    4.141554] scsi target2:0:0: Ending Domain Validation
[    4.146113] scsi target2:0:0: asynchronous
[    4.158745] scsi 2:0:1:0: Direct-Access     VBOX     HARDDISK         1.0  PQ: 0 ANSI: 5
[    4.165277] scsi target2:0:1: Beginning Domain Validation
[    4.175036] scsi target2:0:1: Domain Validation skipping write tests
[    4.181271] scsi target2:0:1: Ending Domain Validation
[    4.187786] scsi target2:0:1: asynchronous
[    4.207166] sd 2:0:0:0: Attached scsi generic sg0 type 0
[    4.229456] sd 2:0:0:0: [sda] 83886080 512-byte logical blocks: (42.9 GB/40.0 GiB)
[    4.315319] sd 2:0:1:0: Attached scsi generic sg1 type 0
[    4.322069] sd 2:0:1:0: [sdb] 20480 512-byte logical blocks: (10.5 MB/10.0 MiB)
[    4.330929] sd 2:0:0:0: [sda] Write Protect is off
[    4.338044] sd 2:0:1:0: [sdb] Write Protect is off
[    4.342707] sd 2:0:0:0: [sda] Incomplete mode parameter data
[    4.348286] sd 2:0:0:0: [sda] Assuming drive cache: write through
[    4.355672] sd 2:0:1:0: [sdb] Incomplete mode parameter data
[    4.361890] sd 2:0:1:0: [sdb] Assuming drive cache: write through
[    4.373875]  sda: sda1
[    4.380074] sd 2:0:0:0: [sda] Attached SCSI disk
[    4.387443] sd 2:0:1:0: [sdb] Attached SCSI disk
[    4.643028] e1000 0000:00:08.0 eth1: (PCI:33MHz:32-bit) 08:00:27:5a:f2:df
[    4.647307] e1000 0000:00:08.0 eth1: Intel(R) PRO/1000 Network Connection
[    4.654663] e1000 0000:00:03.0 enp0s3: renamed from eth0
[    4.670456] e1000 0000:00:08.0 enp0s8: renamed from eth1
Begin: Loading essential drivers ... [    6.271659] md: linear personality registered for level -1
[    6.283344] md: multipath personality registered for level -4
[    6.295415] md: raid0 personality registered for level 0
[    6.315012] md: raid1 personality registered for level 1
[    6.393572] raid6: sse2x1   gen()  8727 MB/s
[    6.473706] raid6: sse2x1   xor()  7016 MB/s
[    6.564237] raid6: sse2x2   gen() 12080 MB/s
[    6.633883] raid6: sse2x2   xor()  6734 MB/s
[    6.705745] raid6: sse2x4   gen() 11022 MB/s
[    6.777811] raid6: sse2x4   xor()  6567 MB/s
[    6.857606] raid6: avx2x1   gen() 17024 MB/s
[    6.934630] raid6: avx2x2   gen() 23984 MB/s
[    7.007051] raid6: avx2x4   gen() 13462 MB/s
[    7.013326] raid6: using algorithm avx2x2 gen() 23984 MB/s
[    7.021417] raid6: using avx2x2 recovery algorithm
[    7.034457] xor: automatically using best checksumming function:
[    7.082027]    avx       : 21425.000 MB/sec
[    7.088712] async_tx: api initialized (async)
[    7.144564] md: raid6 personality registered for level 6
[    7.152068] md: raid5 personality registered for level 5
[    7.158802] md: raid4 personality registered for level 4
[    7.189146] md: raid10 personality registered for level 10
done.
Begin: Running /scripts/init-premount ... done.
Begin: Mounting root file system ... Begin: Running /scripts/local-top ... done.
Begin: Running /scripts/local-premount ... [    7.281559] Btrfs loaded
Scanning for Btrfs filesystems
done.
Warning: fsck not present, so skipping root file system
[    7.375490] EXT4-fs (sda1): mounted filesystem with ordered data mode. Opts: (null)
done.
Begin: Running /scripts/local-bottom ... done.
Begin: Running /scripts/init-bottom ... done.
[    7.631499] systemd[1]: systemd 229 running in system mode. (+PAM +AUDIT +SELINUX +IMA +APPARMOR +SMACK +SYSVINIT +UTMP +LIBCRYPTSETUP +GCRYPT +GNUTLS +ACL +XZ -LZ4 +SECCOMP +BLKID +ELFUTILS +KMOD -IDN)
[    7.657681] systemd[1]: Detected virtualization oracle.
[    7.664142] systemd[1]: Detected architecture x86-64.

Welcome to [1mUbuntu 16.04.7 LTS[0m!

[    7.681540] systemd[1]: Set hostname to <ubuntu>.
[    7.690967] systemd[1]: Initializing machine ID from random generator.
[    7.698226] systemd[1]: Installed transient /etc/machine-id file.
[    7.997790] systemd[1]: Listening on fsck to fsckd communication Socket.
[[0;32m  OK  [0m] Listening on fsck to fsckd communication Socket.
[    8.011184] systemd[1]: Listening on LVM2 poll daemon socket.
[[0;32m  OK  [0m] Listening on LVM2 poll daemon socket.
[    8.025898] systemd[1]: Listening on Syslog Socket.
[[0;32m  OK  [0m] Listening on Syslog Socket.
[    8.032647] systemd[1]: Listening on udev Kernel Socket.
[[0;32m  OK  [0m] Listening on udev Kernel Socket.
[    8.043011] systemd[1]: Reached target Encrypted Volumes.
[[0;32m  OK  [0m] Reached target Encrypted Volumes.
[    8.054892] systemd[1]: Listening on /dev/initctl Compatibility Named Pipe.
[[0;32m  OK  [0m] Listening on /dev/initctl Compatibility Named Pipe.
[    8.063865] systemd[1]: Listening on Journal Audit Socket.
[[0;32m  OK  [0m] Listening on Journal Audit Socket.
[    8.075323] systemd[1]: Created slice System Slice.
[[0;32m  OK  [0m] Created slice System Slice.
[    8.083744] systemd[1]: Started Forward Password Requests to Wall Directory Watch.
[[0;32m  OK  [0m] Started Forward Password Requests to Wall Directory Watch.
[    8.095597] systemd[1]: Reached target User and Group Name Lookups.
[[0;32m  OK  [0m] Reached target User and Group Name Lookups.
[    8.109875] systemd[1]: Created slice system-serial\x2dgetty.slice.
[[0;32m  OK  [0m] Created slice system-serial\x2dgetty.slice.
[    8.125938] systemd[1]: Listening on Device-mapper event daemon FIFOs.
[[0;32m  OK  [0m] Listening on Device-mapper event daemon FIFOs.
[    8.134376] systemd[1]: Listening on LVM2 metadata daemon socket.
[[0;32m  OK  [0m] Listening on LVM2 metadata daemon socket.
[    8.151074] systemd[1]: Reached target System Time Synchronized.
[[0;32m  OK  [0m] Reached target System Time Synchronized.
[    8.164358] systemd[1]: Listening on Journal Socket (/dev/log).
[[0;32m  OK  [0m] Listening on Journal Socket (/dev/log).
[    8.186232] systemd[1]: Listening on Journal Socket.
[[0;32m  OK  [0m] Listening on Journal Socket.
[    8.210554] systemd[1]: Starting Set console keymap...
         Starting Set console keymap...
[    8.226415] systemd[1]: Starting Monitoring of LVM2 mirrors, snapshots etc. using dmeventd or progress polling...
         Starting Monitoring of LVM2 mirrors... dmeventd or progress polling...
[    8.261070] systemd[1]: Mounting POSIX Message Queue File System...
         Mounting POSIX Message Queue File System...
[    8.286745] systemd[1]: Starting Load Kernel Modules...
[    8.294602] random: nonblocking pool is initialized
         Starting Load Kernel Modules...
[    8.310115] systemd[1]: Mounting Huge Pages File System...
         Mounting Huge Pages File System...
[    8.327693] systemd[1]: Starting Uncomplicated firewall...
         Starting Uncomplicated firewall...
[    8.341782] systemd[1]: Starting Create list of required static device nodes for the current kernel...
[    8.352215] Loading iSCSI transport class v2.0-870.
         Starting Create list of required st... nodes for the current kernel...
[    8.367261] systemd[1]: Mounting Debug File System...
         Mounting Debug File System...
[    8.392102] systemd[1]: Starting Journal Service...
[    8.398559] iscsi: registered transport (tcp)
         Starting Journal Service...
[    8.407375] systemd[1]: Reached target Swap.
[[0;32m  OK  [0m] Reached target Swap.
[    8.418625] systemd[1]: Started Trigger resolvconf update for networkd DNS.
[[0;32m  OK  [0m] Started Trigger resolvconf update for networkd DNS.
[    8.432769] systemd[1]: Listening on udev Control Socket.
[[0;32m  OK  [0m] Listening on udev Control Socket.
[    8.446707] systemd[1]: Set up automount Arbitrary Executable File Formats File System Automount Point.
[[0;32m  OK  [0m] Set up automount Arbitrary Executab...ats File System Automount Point.
[    8.468400] systemd[1]: Created slice User and Session Slice.
[[0;32m  OK  [0m] Created slice User and Session Slice.
[    8.492917] systemd[1]: Reached target Slices.
[[0;32m  OK  [0m] Reached target Slices.
[    8.518459] systemd[1]: Starting Nameserver information manager...
         Starting Nameserver information manager...
[    8.533318] systemd[1]: Starting File System Check on Root Device...
[    8.545663] iscsi: registered transport (iser)
         Starting File System Check on Root Device...
[    8.572535] systemd[1]: Mounted Huge Pages File System.
[[0;32m  OK  [0m] Mounted Huge Pages File System.
[    8.586442] systemd[1]: Mounted POSIX Message Queue File System.
[[0;32m  OK  [0m] Mounted POSIX Message Queue File System.
[    8.599085] systemd[1]: Mounted Debug File System.
[[0;32m  OK  [0m] Mounted Debug File System.
[    8.610194] systemd[1]: Started Journal Service.
[[0;32m  OK  [0m] Started Journal Service.
[[0;32m  OK  [0m] Started Set console keymap.
[[0;32m  OK  [0m] Started Load Kernel Modules.
[[0;32m  OK  [0m] Started Uncomplicated firewall.
[[0;32m  OK  [0m] Started Create list of required sta...ce nodes for the current kernel.
[[0;32m  OK  [0m] Started File System Check on Root Device.
[[0;32m  OK  [0m] Started Nameserver information manager.
[[0;32m  OK  [0m] Started File System Check Daemon to report status.
[[0;32m  OK  [0m] Started LVM2 metadata daemon.
         Starting Remount Root and Kernel File Systems...
         Starting Create Static Device Nodes in /dev...
[    8.701571] EXT4-fs (sda1): re-mounted. Opts: (null)
         Mounting FUSE Control File System...
         Starting Apply Kernel Variables...
[[0;32m  OK  [0m] Started Remount Root and Kernel File Systems.
[[0;32m  OK  [0m] Mounted FUSE Control File System.
         Starting Flush Journal to Persistent Storage...
         Starting Load/Save Random Seed...
         Starting udev Coldplug all Devices...
[[0;32m  OK  [0m] Started Apply Kernel Variables.
[[0;32m  OK  [0m] Started Load/Save Random Seed.
[[0;32m  OK  [0m] Started Create Static Device Nodes in /dev.
[[0;32m  OK  [0m] Started Flush Journal to Persistent Storage.
         Starting udev Kernel Device Manager...
[[0;32m  OK  [0m] Started Monitoring of LVM2 mirrors,...ng dmeventd or progress polling.
[[0;32m  OK  [0m] Reached target Local File Systems (Pre).
[[0;32m  OK  [0m] Reached target Local File Systems.
         Starting Create Volatile Files and Directories...
         Starting LSB: AppArmor initialization...
         Starting Initial cloud-init job (pre-networking)...
         Starting Commit a transient machine-id on disk...
         Starting Tell Plymouth To Write Out Runtime Data...
         Starting Set console font and keymap...
[[0;32m  OK  [0m] Started udev Kernel Device Manager.
[[0;32m  OK  [0m] Started udev Coldplug all Devices.
[[0;32m  OK  [0m] Started Create Volatile Files and Directories.
[[0;32m  OK  [0m] Started Tell Plymouth To Write Out Runtime Data.
         Starting Update UTMP about System Boot/Shutdown...
[[0;32m  OK  [0m] Started Dispatch Password Requests to Console Directory Watch.
[[0;32m  OK  [0m] Started Commit a transient machine-id on disk.
[[0;32m  OK  [0m] Started Update UTMP about System Boot/Shutdown.
[[0;32m  OK  [0m] Found device /dev/ttyS0.
[[0;32m  OK  [0m] Listening on Load/Save RF Kill Switch Status /dev/rfkill Watch.
[[0;32m  OK  [0m] Started LSB: AppArmor initialization.
         Starting Load AppArmor profiles managed internally by snapd...
[   10.503676] cloud-init[482]: Cloud-init v. 21.1-19-gbad84ad4-0ubuntu1~16.04.2 running 'init-local' at Tue, 07 Mar 2023 14:21:59 +0000. Up 9.87 seconds.
[[0;32m  OK  [0m] Started Load AppArmor profiles managed internally by snapd.
[[0;32m  OK  [0m] Started Set console font and keymap.
[[0;32m  OK  [0m] Started Initial cloud-init job (pre-networking).
[[0;32m  OK  [0m] Reached target Network (Pre).
         Starting Raise network interfaces...
[[0;32m  OK  [0m] Created slice system-getty.slice.
[[0;32m  OK  [0m] Started Raise network interfaces.
         Starting Initial cloud-init job (metadata service crawler)...
[[0;32m  OK  [0m] Reached target Network.
[   12.707531] cloud-init[962]: Cloud-init v. 21.1-19-gbad84ad4-0ubuntu1~16.04.2 running 'init' at Tue, 07 Mar 2023 14:22:01 +0000. Up 12.08 seconds.
[   12.714727] cloud-init[962]: ci-info: ++++++++++++++++++++++++++++++++++++++Net device info+++++++++++++++++++++++++++++++++++++++
[   12.721101] cloud-init[962]: ci-info: +--------+-------+----------------------------+---------------+--------+-------------------+
[   12.727775] cloud-init[962]: ci-info: | Device |   Up  |          Address           |      Mask     | Scope  |     Hw-Address    |
[   12.734745] cloud-init[962]: ci-info: +--------+-------+----------------------------+---------------+--------+-------------------+
[   12.741531] cloud-init[962]: ci-info: | enp0s3 |  True |         10.0.2.15          | 255.255.255.0 | global | 02:be:82:6b:cc:1d |
[   12.750558] cloud-init[962]: ci-info: | enp0s3 |  True | fe80::be:82ff:fe6b:cc1d/64 |       .       |  link  | 02:be:82:6b:cc:1d |
[   12.758489] cloud-init[962]: ci-info: | enp0s8 | False |             .              |       .       |   .    | 08:00:27:5a:f2:df |[[0;32m  OK  [0m] Started Initial cloud-init job (metadata service crawler).
[[0;32m  OK  [0m] Reached target Cloud-config availability.
[[0;32m  OK  [0m] Reached target System Initialization.
[[0;32m  OK  [0m] Listening on UUID daemon activation socket.

[   12.771515] [[0;32m  OK  [0m] Started ACPI Events Check.
[[0;32m  OK  [0m] Reached target Paths.
[[0;32m  OK  [0m] Started Ubuntu Advantage update messaging.
[[0;32m  OK  [0m] Listening on ACPID Listen Socket.
cloud-init         Starting LXD - unix socket.
[[0;32m  OK  [0m] Started Message of the Day.
[[0;32m  OK  [0m] Started Daily apt download activities.
[[0;32m  OK  [0m] Listening on D-Bus System Message Bus Socket.
         Starting Socket activation for snappy daemon.
[[0;32m  OK  [0m] Started Daily Cleanup of Temporary Directories.
[[0;32m  OK  [0m] Started Daily apt upgrade and clean activities.
[[0;32m  OK  [0m] Reached target Timers.
[[0;32m  OK  [0m] Reached target Network is Online.
[962]: ci-info: |   lo   |  True |         127.0.0.1          |   255.0.0.0   |  host  |         .         |
[   12.794051] cloud-init[962]: ci-info: |   lo   |  True |          ::1/128           |       .       |  host  |         .         |
[   12.801724] cloud-init[962]: ci-info: +--------+-------+----------------------------+---------------+--------+-------------------+
[   12.808727]          Starting iSCSI initiator daemon (iscsid)...
[[0;32m  OK  [0m] Listening on LXD - unix socket.
[[0;32m  OK  [0m] Listening on Socket activation for snappy daemon.
[[0;32m  OK  [0m] Reached target Sockets.
[[0;32m  OK  [0m] Reached target Basic System.
         Starting System Logging Service...
cloud-init[[0;32m  OK  [0m] Started ACPI event daemon.
         Starting LSB: MD monitoring daemon...
[[0;32m  OK  [0m] Started Regular background program processing daemon.
[962]: ci-info: +++++++++++++++++++++++++++Route IPv4 info++++++++++++++++++++++++++++
         Starting /etc/rc.local Compatibility...
         Starting Accounts Service...
         Starting Virtualbox guest utils...
[[0;32m  OK  [0m] Started Deferred execution scheduler.
         Starting LSB: Record successful boot for GRUB...
         Starting Pollinate to seed the pseudo random number generator...
[[0;32m  OK  [0m] Started D-Bus System Message Bus.
[   12.836900] cloud-init[962]: ci-info: +-------+-------------+----------+---------------+-----------+-------+
[   12.870211] cloud-init[962]: ci-info: | Route | Destination | Gateway  |    Genmask    | Interface | Flags |
[   12.879383] cloud-init[962]: ci-info: +-------+-------------+----------+---------------+-----------+-------+
[   12.902753] cloud-init[962]: ci-info: |   0   |   0.0.0.0   | 10.0.2.2 |    0.0.0.0    |   enp0s3  |   UG  |
[   12.910444] cloud-init[962]: ci-info: |   1   |   10.0.2.0  | 0.0.0.0  | 255.255.255.0 |   enp0s3  |   U   |
[   12.916865] cloud-init[962]: ci-info: +-------+-------------+----------+---------------+-----------+-------+
[   12.926525] cloud-init[962]: ci-info: +++++++++++++++++++Route IPv6 info+++++++++++++++++++
[   12.932782] cloud-init[962]: ci-info: +-------+-------------+---------+-----------+-------+
[   12.939195] cloud-init[962]: ci-info: | Route | Destination | Gateway | Interface | Flags |
[   12.948161] cloud-init[962]: ci-info: +-------+-------------+---------+-----------+-------+
[   12.956000] cloud-init[962]: ci-info: |   0   |  fe80::/64  |    ::   |   enp0s3  |   U   |         Starting LXD - container startup/shutdown...
[[0;32m  OK  [0m] Started FUSE filesystem for LXC.

         Starting Snap Daemon...
         Starting Login Service...
[[0;32m  OK  [0m] Started System Logging Service.
[[0;32m  OK  [0m] Started /etc/rc.local Compatibility.
[[0;32m  OK  [0m] Started iSCSI initiator daemon (iscsid).
[   12.987270] cloud-init[962]: ci-info: |   3   |   ff00::/8  |    ::   |   enp0s3  |   U   |
         Starting Login to default iSCSI targets...
         Starting Authenticate and Authorize Users to Run Privileged Tasks...
[   13.028795] cloud-init[962]: ci-info: +-------+-------------+---------+-----------+-------+[[0;32m  OK  [0m] Started Login Service.
[[0;32m  OK  [0m] Started Unattended Upgrades Shutdown.
[[0;32m  OK  [0m] Started LSB: Record successful boot for GRUB.
[[0;32m  OK  [0m] Started LSB: MD monitoring daemon.

[   13.057780] cloud-init[962]: Generating public/private rsa key pair.
[   13.064207] cloud-init[962]: Your identification has been saved in /etc/ssh/ssh_host_rsa_key.
[   13.069690] cloud-init[962]: Your public key has been saved in /etc/ssh/ssh_host_rsa_key.pub.
[   13.078668] cloud-init[962]: The key fingerprint is:
[   13.087257] cloud-init[962]: SHA256:Kb9VKde79CASPhAr4pMsuvJFWEam42qKDu5lSpuA7Uk root@ubuntu-xenial
[   13.097192] [[0;32m  OK  [0m] Started Authenticate and Authorize Users to Run Privileged Tasks.
cloud-init[962]: The key's randomart image is:
[[0;32m  OK  [0m] Started Accounts Service.
[[0;32m  OK  [0m] Started Login to default iSCSI targets.
[[0;32m  OK  [0m] Reached target Remote File Systems (Pre).
[[0;32m  OK  [0m] Reached target Remote File Systems.
         Starting LSB: daemon to balance interrupts for SMP systems...
         Starting Permit User Sessions...
         Starting LSB: automatic crash report generation...
         Starting LSB: Set the CPU Frequency Scaling governor to "ondemand"...
[   13.127324] cloud-init[962]: +---[RSA 2048]----+
[   13.160959] [[0;32m  OK  [0m] Started Permit User Sessions.
         Starting Hold until boot process finishes up...
         Starting Terminate Plymouth Boot Screen...
[[0;32m  OK  [0m] Started Hold until boot process finishes up.
         Starting Set console scheme...
[[0;32m  OK  [0m] Started Getty on tty1.
[[0;32m  OK  [0m] Started Serial Getty on ttyS0.
[[0;32m  OK  [0m] Reached target Login Prompts.
cloud-init[[0;32m  OK  [0m] Started Terminate Plymouth Boot Screen.
[962]: |    o            |
[[0;32m  OK  [0m] Started Set console scheme.
[   13.208067] cloud-init[962]: |   +             |
[   13.241447] [[0;32m  OK  [0m] Started LSB: Set the CPU Frequency Scaling governor to "ondemand".
cloud-init[962]: |  o o   .        |
[[0;32m  OK  [0m] Started LSB: daemon to balance interrupts for SMP systems.
[[0;32m  OK  [0m] Started LXD - container startup/shutdown.
[[0;32m  OK  [0m] Started LSB: automatic crash report generation.
[   13.284492] cloud-init[962]: | . =     +   o   |
[   13.293906] cloud-init[962]: |  o o o S o + .  |
[   13.317149] cloud-init[962]: |.o + o + o =   . |
[   13.329164] cloud-init[962]: |=oEo*   . = . +  |
[   13.352949] cloud-init[962]: |X+*+ .   o o o + |
[   13.353865] cloud-init[962]: |OX+     .     . .|
[   13.354326] cloud-init[962]: +----[SHA256]-----+
[   13.355260] cloud-init[962]: Generating public/private dsa key pair.
[   13.356474] cloud-init[962]: Your identification has been saved in /etc/ssh/ssh_host_dsa_key.
[   13.356689] cloud-init[962]: Your public key has been saved in /etc/ssh/ssh_host_dsa_key.pub.
[   13.358750] cloud-init[962]: The key fingerprint is:
[   13.358969] cloud-init[962]: SHA256:nQqU2njBnATeQtl4wZ8Ba8cXpx+08GGBKr2DjNFZMXg root@ubuntu-xenial
[[0;32m  OK  [0m] Started Virtualbox guest utils.
[   13.359411] cloud-init[962]: The key's randomart image is:
[   13.393136] cloud-init[962]: +---[DSA 1024]----+
[   13.403667] cloud-init[962]: |    o*++o.o.*.   |
[   13.409769] cloud-init[962]: |   oo===E..O o   |
[   13.417623] cloud-init[962]: |    oo@*o+o +    |
[   13.433403] cloud-init[962]: |    .B+o=o o .   |
[   13.438550] cloud-init[962]: |    o++oS.o .    |
[   13.445812] cloud-init[962]: |    ..o.o.       |
[   13.451506] cloud-init[962]: |        ..       |
[   13.462132] cloud-init[962]: |                 |
[   13.467517] cloud-init[962]: |                 |
[   13.472543] cloud-init[962]: +----[SHA256]-----+
[   13.479975] cloud-init[962]: Generating public/private ecdsa key pair.
[   13.485799] cloud-init[962]: Your identification has been saved in /etc/ssh/ssh_host_ecdsa_key.
[   13.493480] cloud-init[962]: Your public key has been saved in /etc/ssh/ssh_host_ecdsa_key.pub.
[   13.505429] cloud-init[962]: The key fingerprint is:
[   13.512286] cloud-init[962]: SHA256:GPt2kN0mLWTVdEScfjoGwBtGHcwwtLfw28J7/NTCskY root@ubuntu-xenial
[   13.520826] cloud-init[962]: The key's randomart image is:
[   13.530376] cloud-init[962]: +---[ECDSA 256]---+
[   13.535045] cloud-init[962]: |         +==o+.+=|
[   13.540104] cloud-init[962]: |          =++ .o.|
[   13.545327] cloud-init[962]: |      .  .=+. .  |
[   13.551822] cloud-init[962]: |       + =.*.. ..|
[   13.560792] cloud-init[962]: |      o S + *. ..|
[   13.566295] cloud-init[962]: |       . . =E++ .|
[   13.571800] cloud-init[962]: |        o ..=o+.o|
[   13.577716] cloud-init[962]: |       . .  .=oo |
[   13.582828] cloud-init[962]: |           .o. ..|
[   13.587923] cloud-init[962]: +----[SHA256]-----+
[   13.592726] cloud-init[962]: Generating public/private ed25519 key pair.
[   13.598769] cloud-init[962]: Your identification has been saved in /etc/ssh/ssh_host_ed25519_key.
[   13.605648] cloud-init[962]: Your public key has been saved in /etc/ssh/ssh_host_ed25519_key.pub.
[   13.612608] cloud-init[962]: The key fingerprint is:
[   13.619516] cloud-init[962]: [[0;32m  OK  [0m] Started Snap Daemon.
SHA256:VeWJVwsgJSUI51bA0ZfSvY4IyHD5qyVvds3zAXxaAvk root@ubuntu-xenial
[   13.634934] cloud-init[962]: The key's randomart image is:
[   13.685892] cloud-init[962]: +--[ED25519 256]--+
[   13.687323] cloud-init[962]: |     .++==++=o. .|
[   13.689210] cloud-init[962]: |   . ooo.o== +.o.|
[   13.691062] cloud-init[962]: |    + oo o+ . =. |
         Starting Wait until snapd is fully seeded...
[   13.697061] cloud-init[962]: |     o.o .+  o   |
[   13.741721] cloud-init[962]: |        S .Eoo   |
[   13.749790] cloud-init[962]: |     . o . .*.   |
[   13.756859] cloud-init[962]: |      =   o. .   |
[   13.771570] cloud-init[962]: |     . + . +  .  |
[   13.780844] cloud-init[962]: |      o .   o.   |
[   13.784763] cloud-init[962]: +----[SHA256]-----+
[[0;32m  OK  [0m] Started Pollinate to seed the pseudo random number generator.
         Starting OpenBSD Secure Shell server...
[[0;32m  OK  [0m] Started OpenBSD Secure Shell server.
[[0;32m  OK  [0m] Started Wait until snapd is fully seeded.
         Starting Apply the settings specified in cloud-config...
[[0;32m  OK  [0m] Reached target Multi-User System.
[[0;32m  OK  [0m] Reached target Graphical Interface.
         Starting Update UTMP about System Runlevel Changes...
[[0;32m  OK  [0m] Started Update UTMP about System Runlevel Changes.
[[0;32m  OK  [0m] Created slice User Slice of vagrant.
         Starting User Manager for UID 1000...
[[0;32m  OK  [0m] Started Session 1 of user vagrant.
[[0;32m  OK  [0m] Started User Manager for UID 1000.
[   18.400824] cloud-init[1319]: Generating locales (this might take a while)...

Ubuntu 16.04.7 LTS ubuntu-xenial ttyS0

ubuntu-xenial login: [   19.731543] cloud-init[1319]:   en_US.UTF-8... done
[   19.736853] cloud-init[1319]: Generation complete.
[   20.352499] cloud-init[1319]: Cloud-init v. 21.1-19-gbad84ad4-0ubuntu1~16.04.2 running 'modules:config' at Tue, 07 Mar 2023 14:22:07 +0000. Up 18.03 seconds.
ci-info: no authorized SSH keys fingerprints found for user ubuntu.
<14>Mar  7 14:22:11 ec2: 
<14>Mar  7 14:22:11 ec2: #############################################################
<14>Mar  7 14:22:11 ec2: -----BEGIN SSH HOST KEY FINGERPRINTS-----
<14>Mar  7 14:22:11 ec2: 1024 SHA256:nQqU2njBnATeQtl4wZ8Ba8cXpx+08GGBKr2DjNFZMXg root@ubuntu-xenial (DSA)
<14>Mar  7 14:22:11 ec2: 256 SHA256:GPt2kN0mLWTVdEScfjoGwBtGHcwwtLfw28J7/NTCskY root@ubuntu-xenial (ECDSA)
<14>Mar  7 14:22:11 ec2: 256 SHA256:VeWJVwsgJSUI51bA0ZfSvY4IyHD5qyVvds3zAXxaAvk root@ubuntu-xenial (ED25519)
<14>Mar  7 14:22:11 ec2: 2048 SHA256:Kb9VKde79CASPhAr4pMsuvJFWEam42qKDu5lSpuA7Uk root@ubuntu-xenial (RSA)
<14>Mar  7 14:22:11 ec2: -----END SSH HOST KEY FINGERPRINTS-----
<14>Mar  7 14:22:11 ec2: #############################################################
-----BEGIN SSH HOST KEY KEYS-----
ecdsa-sha2-nistp256 AAAAE2VjZHNhLXNoYTItbmlzdHAyNTYAAAAIbmlzdHAyNTYAAABBBKApc9WN2TB/VkjSBm3vMplUa8Lp0GkTESrwtcOZ4/yb77LtK8He2MYOhSoqPob0OFe5EbkXSgHH+/HHPfq0KtA= root@ubuntu-xenial
ssh-ed25519 AAAAC3NzaC1lZDI1NTE5AAAAIIKMWGnvK4npLwPT6Qhn9ettRX/ri543yZ4rlDXyWdWZ root@ubuntu-xenial
ssh-rsa AAAAB3NzaC1yc2EAAAADAQABAAABAQDylgL7BeMP3K+p2d2x6MkN/UjEDJAxy370hOv/DMthO/VrEe8su32nJmy4UM0BkyhcfdEtXBIKfKw95UuVIjAEkGTT1R8vz/i5f7h9UPF1OG9yuVvrX5CVrAtv01QiaPzzJewCLWTp92q0oIHspG04mTlb4giZy1pWVpm1BhhoLLgjZNqZ+/NpcohV3CRjcngFtr1UVztG3SG+FstOETNKN2pyTZM/1LI+9Zv1YfkPnofw08rnJ69gJNUSJdMqS7IloxuVVN0U9qv6taYn2qL/2RRUHx08xn9iTXcXhJa7DMYzbLiP5wgd37m1JW/xlQCQ+zEEqQiXD09Qge4NoAwZ root@ubuntu-xenial
-----END SSH HOST KEY KEYS-----
[   21.518982] cloud-init[1521]: Cloud-init v. 21.1-19-gbad84ad4-0ubuntu1~16.04.2 running 'modules:final' at Tue, 07 Mar 2023 14:22:10 +0000. Up 20.97 seconds.
[   21.520648] cloud-init[1521]: ci-info: no authorized SSH keys fingerprints found for user ubuntu.
[   21.521001] cloud-init[1521]: Cloud-init v. 21.1-19-gbad84ad4-0ubuntu1~16.04.2 finished at Tue, 07 Mar 2023 14:22:11 +0000. Datasource DataSourceNoCloud [seed=/dev/sdb][dsmode=net].  Up 21.36 seconds
